******************************************************************************
                  TI ARM Linker PC v5.0.4                      
******************************************************************************
>> Linked Fri Nov 08 19:15:05 2013

OUTPUT FILE NAME:   <test1.out>
ENTRY POINT SYMBOL: "_c_int00"  address: 00000541


MEMORY CONFIGURATION

         name            origin    length      used     unused   attr    fill
----------------------  --------  ---------  --------  --------  ----  --------
  FLASH                 00000000   00040000  00000870  0003f790  R  X
  SRAM                  20000000   00008000  00000214  00007dec  RW X


SEGMENT ALLOCATION MAP

run origin  load origin   length   init length attrs members
----------  ----------- ---------- ----------- ----- -------
00000000    00000000    00000870   00000870    r-x
  00000000    00000000    00000754   00000754    r-x .text
  00000754    00000754    000000fc   000000fc    r-- .const
  00000850    00000850    00000020   00000020    r-- .cinit
20000000    20000000    00000200   00000000    rw-
  20000000    20000000    00000200   00000000    rw- .stack
20000200    20000200    00000014   00000014    rw-
  20000200    20000200    00000014   00000014    rw- .data


SECTION ALLOCATION MAP

 output                                  attributes/
section   page    origin      length       input sections
--------  ----  ----------  ----------   ----------------
.text      0    00000000    00000754     
                  00000000    00000130     driverlib.lib : gpio.obj (.text:GPIOPadConfigSet)
                  00000130    00000104                   : sysctl.obj (.text:SysCtlClockSet)
                  00000234    000000c8                   : sysctl.obj (.text:SysCtlClockGet)
                  000002fc    0000009c     rtsv7M4_T_le_v4SPD16_eabi.lib : memcpy_t2.obj (.text)
                  00000398    00000094                                   : auto_init.obj (.text)
                  0000042c    0000006c     main.obj (.text)
                  00000498    0000005e     rtsv7M4_T_le_v4SPD16_eabi.lib : copy_decompress_rle.obj (.text)
                  000004f6    00000002     --HOLE-- [fill = 0]
                  000004f8    00000048     driverlib.lib : gpio.obj (.text:GPIOPinConfigure)
                  00000540    00000048     rtsv7M4_T_le_v4SPD16_eabi.lib : boot.obj (.text)
                  00000588    00000044                                   : cpy_tbl.obj (.text)
                  000005cc    00000040     driverlib.lib : uart.obj (.text:UARTConfigSetExpClk)
                  0000060c    00000040     rtsv7M4_T_le_v4SPD16_eabi.lib : exit.obj (.text)
                  0000064c    00000034     driverlib.lib : sysctl.obj (.text:SysCtlPeripheralEnable)
                  00000680    0000002a                   : gpio.obj (.text:GPIODirModeSet)
                  000006aa    00000002     --HOLE-- [fill = 0]
                  000006ac    0000001c                   : uart.obj (.text:UARTDisable)
                  000006c8    00000018     rtsv7M4_T_le_v4SPD16_eabi.lib : args_main.obj (.text)
                  000006e0    00000014     driverlib.lib : uart.obj (.text:UARTEnable)
                  000006f4    00000014     rtsv7M4_T_le_v4SPD16_eabi.lib : _lock.obj (.text)
                  00000708    00000012     driverlib.lib : gpio.obj (.text:GPIOPinTypeUART)
                  0000071a    0000000e     rtsv7M4_T_le_v4SPD16_eabi.lib : copy_decompress_none.obj (.text:decompress:none)
                  00000728    0000000c     driverlib.lib : uart.obj (.text:UARTCharsAvail)
                  00000734    0000000a                   : uart.obj (.text:UARTCharGet)
                  0000073e    0000000a                   : uart.obj (.text:UARTCharPut)
                  00000748    00000006                   : sysctl.obj (.text:SysCtlDelay)
                  0000074e    00000006     rtsv7M4_T_le_v4SPD16_eabi.lib : copy_decompress_rle.obj (.text:decompress:rle24)

.init_array 
*          0    00000000    00000000     UNINITIALIZED

.const     0    00000754    000000fc     
                  00000754    00000090     driverlib.lib : gpio.obj (.const:g_pui32GPIOBaseAddrs)
                  000007e4    0000006c                   : sysctl.obj (.const:g_pui32Xtals)

.cinit     0    00000850    00000020     
                  00000850    0000000f     (.cinit..data.load) [load image, compression = rle]
                  0000085f    00000001     --HOLE-- [fill = 0]
                  00000860    00000008     (__TI_handler_table)
                  00000868    00000008     (__TI_cinit_table)

.stack     0    20000000    00000200     UNINITIALIZED
                  20000000    00000200     --HOLE--

.data      0    20000200    00000014     
                  20000200    00000008     rtsv7M4_T_le_v4SPD16_eabi.lib : _lock.obj (.data)
                  20000208    00000008                                   : exit.obj (.data)
                  20000210    00000004                                   : stkdepth_vars.obj (.data)


LINKER GENERATED COPY TABLES

__TI_cinit_table @ 00000868 records: 1, size/record: 8, table size: 8
	.data: load addr=00000850, load size=0000000f bytes, run addr=20000200, run size=00000014 bytes, compression=rle


LINKER GENERATED HANDLER TABLE

__TI_handler_table @ 00000860 records: 2, size/record: 4, table size: 8
	index: 0, handler: __TI_decompress_rle24
	index: 1, handler: __TI_decompress_none


GLOBAL SYMBOLS: SORTED ALPHABETICALLY BY Name 

address    name
--------   ----
0000060d   C$$EXIT
00000681   GPIODirModeSet
00000001   GPIOPadConfigSet
000004f9   GPIOPinConfigure
00000709   GPIOPinTypeUART
UNDEFED    SHT$$INIT_ARRAY$$Base
UNDEFED    SHT$$INIT_ARRAY$$Limit
00000235   SysCtlClockGet
00000131   SysCtlClockSet
00000749   SysCtlDelay
0000064d   SysCtlPeripheralEnable
00000735   UARTCharGet
0000073f   UARTCharPut
00000729   UARTCharsAvail
000005cd   UARTConfigSetExpClk
000006ad   UARTDisable
000006e1   UARTEnable
20000200   __STACK_END
00000200   __STACK_SIZE
20000200   __STACK_TOP
00000868   __TI_CINIT_Base
00000870   __TI_CINIT_Limit
00000860   __TI_Handler_Table_Base
00000868   __TI_Handler_Table_Limit
00000001   __TI_args_main
00000399   __TI_auto_init
0000071b   __TI_decompress_none
0000074f   __TI_decompress_rle24
00000000   __TI_static_base__
000002fd   __aeabi_memcpy
000002fd   __aeabi_memcpy4
000002fd   __aeabi_memcpy8
ffffffff   __binit__
ffffffff   __c_args__
20000000   __stack
000006c9   _args_main
00000541   _c_int00
20000208   _cleanup_ptr
2000020c   _dtors_ptr
20000200   _lock
00000703   _nop
000006fb   _register_lock
000006f5   _register_unlock
20000204   _unlock
00000611   abort
ffffffff   binit
00000589   copy_in
00000619   exit
0000042d   main
20000210   main_func_sp
000002fd   memcpy


GLOBAL SYMBOLS: SORTED BY Symbol Address 

address    name
--------   ----
00000000   __TI_static_base__
00000001   GPIOPadConfigSet
00000001   __TI_args_main
00000131   SysCtlClockSet
00000200   __STACK_SIZE
00000235   SysCtlClockGet
000002fd   __aeabi_memcpy
000002fd   __aeabi_memcpy4
000002fd   __aeabi_memcpy8
000002fd   memcpy
00000399   __TI_auto_init
0000042d   main
000004f9   GPIOPinConfigure
00000541   _c_int00
00000589   copy_in
000005cd   UARTConfigSetExpClk
0000060d   C$$EXIT
00000611   abort
00000619   exit
0000064d   SysCtlPeripheralEnable
00000681   GPIODirModeSet
000006ad   UARTDisable
000006c9   _args_main
000006e1   UARTEnable
000006f5   _register_unlock
000006fb   _register_lock
00000703   _nop
00000709   GPIOPinTypeUART
0000071b   __TI_decompress_none
00000729   UARTCharsAvail
00000735   UARTCharGet
0000073f   UARTCharPut
00000749   SysCtlDelay
0000074f   __TI_decompress_rle24
00000860   __TI_Handler_Table_Base
00000868   __TI_CINIT_Base
00000868   __TI_Handler_Table_Limit
00000870   __TI_CINIT_Limit
20000000   __stack
20000200   __STACK_END
20000200   __STACK_TOP
20000200   _lock
20000204   _unlock
20000208   _cleanup_ptr
2000020c   _dtors_ptr
20000210   main_func_sp
ffffffff   __binit__
ffffffff   __c_args__
ffffffff   binit
UNDEFED    SHT$$INIT_ARRAY$$Base
UNDEFED    SHT$$INIT_ARRAY$$Limit

[51 symbols]
